The Markov Chain is regular.
The state has stepped forward by 3 step(s).
239.4
360.6
